Processing m5stack-tab5 (platform: https://github.com/pioarduino/platform-espressif32.git#55.03.35; board: esp32-p4-evboard; framework: arduino)
--------------------------------------------------------------------------------
Verbose mode can be enabled via `-v, --verbose` option
CONFIGURATION: https://docs.platformio.org/page/boards/espressif32/esp32-p4-evboard.html
PLATFORM: Espressif 32 (55.3.35+sha.879780c) > Espressif ESP32-P4 Function EV Board (ES pre rev.300)
HARDWARE: ESP32P4 360MHz, 500KB RAM, 16MB Flash
DEBUG: Current (cmsis-dap) External (cmsis-dap, esp-bridge, esp-builtin, esp-prog, iot-bus-jtag, jlink, minimodule, olimex-arm-usb-ocd, olimex-arm-usb-ocd-h, olimex-arm-usb-tiny-h, olimex-jtag-tiny, tumpa)
PACKAGES: 
 - contrib-piohome @ 3.4.4 
 - framework-arduinoespressif32 @ 3.3.5 
 - framework-arduinoespressif32-libs @ 5.5.0+sha.9bb7aa84fe 
 - tool-dfuutil-arduino @ 1.11.0 
 - tool-esptoolpy @ 5.1.0 
 - tool-mkfatfs @ 2.0.1 
 - tool-mklittlefs @ 3.2.0 
 - tool-mklittlefs4 @ 4.0.2 
 - tool-mkspiffs @ 2.230.0 (2.30) 
 - toolchain-riscv32-esp @ 14.2.0+20251107
Converting DRUM_2026_VSAMPLER_TAB5_2002.ino
*** Applied include path shortening for 283 framework paths ***
*** Path length reduced from 36580 to ~11498 characters ***
*** Estimated savings: 24621 characters ***
LDF: Library Dependency Finder -> https://bit.ly/configure-pio-ldf
LDF Modes: Finder ~ chain, Compatibility ~ soft
Found 46 compatible libraries
Scanning dependencies...
Dependency Graph
|-- M5Unified @ 0.2.21
|-- M5GFX @ 0.2.28
|-- esp32_usb_host_demos
|-- FS @ 3.3.5
|-- SD @ 3.3.5
|-- SPI @ 3.3.5
|-- SPIFFS @ 3.3.5
|-- Wire @ 3.3.5
Building in release mode
Compiling .pio\build\m5stack-tab5\src\DRUM_2026_VSAMPLER_TAB5_2002.ino.cpp.o
pio.exe : C:/Users/KieranFerguson/Documents/PlatformIO/Projects/WSB338tab5/src/sequencer.ino: In function 'void 
mySEQ()':
At line:3 char:1
+ & "C:\Users\KieranFerguson\.platformio\penv\Scripts\pio.exe" run -t u ...
+ ~~~~~~~~~~~~~~~~~~~~~~~~~~~~~~~~~~~~~~~~~~~~~~~~~~~~~~~~~~~~~~~~~~~~~
    + CategoryInfo          : NotSpecified: (C:/Users/Kieran...'void mySEQ()'::String) [], RemoteException
    + FullyQualifiedErrorId : NativeCommandError
 
C:/Users/KieranFerguson/Documents/PlatformIO/Projects/WSB338tab5/src/sequencer.ino:75:3: warning: '++' expression of 
'volatile'-qualified type is deprecated [-Wvolatile]
   75 |   tick++;
      |   ^~~~
C:/Users/KieranFerguson/Documents/PlatformIO/Projects/WSB338tab5/src/synthESP32.ino: In function 'void 
synthESP32_begin()':
C:/Users/KieranFerguson/Documents/PlatformIO/Projects/WSB338tab5/src/synthESP32.ino:31:30: warning: unsigned 
conversion from 'int' to 'uint8_t' {aka 'unsigned char'} changes value from '511' to '255' [-Woverflow]
   31 |     FILTROS[fi].setResonance(reso);
      |                              ^~~~
Retrieving maximum program size .pio\build\m5stack-tab5\firmware.elf
Checking size .pio\build\m5stack-tab5\firmware.elf
Advanced Memory Usage is available via "PlatformIO Home > Project Inspect"
RAM:   [=         ]  14.2% (used 72680 bytes from 512000 bytes)
Flash: [=======   ]  68.3% (used 894900 bytes from 1310720 bytes)
Configuring upload protocol...
AVAILABLE: cmsis-dap, esp-bridge, esp-builtin, esp-prog, espota, esptool, iot-bus-jtag, jlink, minimodule, olimex-arm-usb-ocd, olimex-arm-usb-ocd-h, olimex-arm-usb-tiny-h, olimex-jtag-tiny, tumpa
CURRENT: upload_protocol = esptool
Looking for upload port...
Uploading .pio\build\m5stack-tab5\firmware.bin
esptool v5.1.0
Serial port COM5:

A fatal error occurred: This chip is ESP32-C3, not ESP32-P4. Wrong chip argument?
Connecting...
*** [upload] Error 2
========================= [FAILED] Took 13.24 seconds =========================
